[backblue.gif]
[fade.gif]
[index.html]
[ufeel.sa/sitemap.xml]
[ufeel.sa/images/ufeel-logo.png]
[ufeel.sa/build/assets/instrument-sans-400-normal-DRC__1Mx.woff2]
[ufeel.sa/build/assets/instrument-sans-400-normal-Q_nF8v4l.woff2]
[ufeel.sa/build/assets/instrument-sans-500-normal-Dk9ku72i.woff2]
[ufeel.sa/build/assets/instrument-sans-500-normal-CTEe1bJa.woff2]
[ufeel.sa/build/assets/instrument-sans-600-normal-B7fBEWYG.woff2]
[ufeel.sa/build/assets/instrument-sans-600-normal-BsaQcF38.woff2]
[ufeel.sa/images/favicon.png]
[ufeel.sa/images/digital-face-hero-mobile.webp]
[ufeel.sa/images/digital-face-hero.webp]
[ufeel.sa/images/clients/stc.webp]
[ufeel.sa/images/clients/elm.webp]
[ufeel.sa/images/clients/misk.webp]
[ufeel.sa/images/clients/monshaat.webp]
[ufeel.sa/images/clients/modon.webp]
[ufeel.sa/images/clients/maharah.webp]
[ufeel.sa/images/clients/tga.webp]
[ufeel.sa/images/clients/abaad.webp]
[ufeel.sa/images/clients/dinar.webp]
[ufeel.sa/images/clients/ebana.webp]
[ufeel.sa/images/clients/fastCare.webp]
[ufeel.sa/images/clients/living.webp]
[ufeel.sa/images/clients/ripc.webp]
[ufeel.sa/images/clients/senaei.webp]
[ufeel.sa/images/clients/setup.webp]
[ufeel.sa/images/clients/smart.webp]
[ufeel.sa/images/clients/tabdul.webp]
[ufeel.sa/images/clients/red_logo.webp]
[ufeel.sa/storage/blog/featured/6xwQAsCxpIzK2X52c9vWiT7kH5rnUSEO8TwK0RjD.webp]
[ufeel.sa/storage/blog/featured/bYycQhZjhPwjqMUb4ASz4ABFHivNtJWjMg13blQO.webp]
[ufeel.sa/storage/blog/featured/m27nEOs493dEWJJbFWD4lOa4jM0nwikxytQ2rNuf.webp]
[ufeel.sa/index.html]
[www.googletagmanager.com/gtm5445.html]
[ufeel.sa/build/assets/instrument-sans-400-normal-D1W7dsQl.woff]
[ufeel.sa/build/assets/instrument-sans-400-normal-r32jotim.woff]
[ufeel.sa/build/assets/instrument-sans-500-normal-Z6ESRlEs.woff]
[ufeel.sa/build/assets/instrument-sans-500-normal-CAxz3nsc.woff]
[ufeel.sa/build/assets/instrument-sans-600-normal-B9e8oLYv.woff]
[ufeel.sa/build/assets/instrument-sans-600-normal-DMks36a2.woff]
[ufeel.sa/build/assets/app-_3F1Jbwd.css]
[ufeel.sa/build/assets/app-BWy2QXUp.js]
[ufeel.sa/build/assets/section-reveal-zVdRusEw.js]
[ufeel.sa/_boost/browser-logs.html]
[ufeel.sa/about-us.html]
[ufeel.sa/services.html]
[ufeel.sa/blog.html]
[ufeel.sa/jobs.html]
[ufeel.sa/contact-us.html]
[ufeel.sa/services/أنظمة-crm-لإدارة-العملاء-والمبيعات.html]
[ufeel.sa/services/أنظمة-erp-لإدارة-موارد-الشركة.html]
[ufeel.sa/services/تطوير-مواقع-الشركات-الاحترافية-مع-لوحة-تحكم.html]
[ufeel.sa/services/تطوير-المتاجر-الإلكترونية-الاحترافية.html]
[ufeel.sa/services/تصميم-لوحات-التحكم-الاحترافية-dashboard-uiux.html]
[ufeel.sa/services/تصميم-وتطوير-تطبيقات-الجوال.html]
[ufeel.sa/services/تصميم-واجهات-مواقع-الشركات-uiux.html]
[ufeel.sa/services/تطوير-التطبيقات-الداخلية-للشركات.html]
[ufeel.sa/services/إدارة-حسابات-التواصل-الاجتماعي-وصناعة-المحتوى.html]
[ufeel.sa/services/تحسين-محركات-البحث-seo.html]
[ufeel.sa/services/أنظمة-إدارة-المواعيد-والحجوزات-الذكية.html]
[ufeel.sa/services/أنظمة-الإدارة-الداخلية-للشركات-لتطوير-العمليات-وزيادة-الكفاءة.html]
[ufeel.sa/services/تصميم-واجهات-وتجربة-المستخدم-uiux-للوحات-التحكم-الاحترافية.html]
[ufeel.sa/services/تطوير-التطبيقات-الداخلية-للشركات-لتعزيز-الإنتاجية-وإدارة-الأعمال.html]
[ufeel.sa/services/تطوير-تطبيقات-المتاجر-الإلكترونية.html]
[ufeel.sa/services/إدارة-الحملات-الإعلانية-الرقمية-لتحقيق-أفضل-عائد-على-الاستثمار.html]
[ufeel.sa/services/تطوير-روبوتات-الدردشة-الذكية-ai-chatbots-لخدمة-العملاء-وأتمتة-الأعمال.html]
[ufeel.sa/services/مساعد-المبيعات-الذكي-ai-sales-assistant-لزيادة-المبيعات-وتحويل-العملاء.html]
[ufeel.sa/services/تطوير-وكلاء-الذكاء-الاصطناعي-ai-agents-لأتمتة-الأعمال-والمهام-الذكية.html]
[ufeel.sa/services/أتمتة-الأعمال-والعمليات-business-automation.html]
[ufeel.sa/services/تطوير-حلول-التعرف-الضوئي-على-النصوص-ocr-واستخراج-البيانات-الذكي.html]
[ufeel.sa/services/خارطة-التحول-الرقمي-وتطوير-الأنظمة-التقنية-للشركات.html]
[ufeel.sa/services/صيانة-وتطوير-المواقع-الإلكترونية-لضمان-الأداء-والاستقرار.html]
[ufeel.sa/services/استضافة-المواقع-الإلكترونية-السريعة-والآمنة-للشركات.html]
[ufeel.sa/services/الدعم-الفني-المستمر-وإدارة-الحلول-التقنية-للشركات.html]
[ufeel.sa/blog/product-partner-vs-software-vendor-وش-الفرق-وأيهم-يحتاج-منتجك.html]
[ufeel.sa/storage/blog/og/1tb2M1uh4Jfi4hv1IPaAR44sCKL0DFc7AV1KEC18.webp]
[ufeel.sa/blog/وش-يحتاج-المنتج-الرقمي-عشان-يناسب-السوق-السعودي.html]
[ufeel.sa/storage/blog/og/n0TnkT2gpnXvBHh2ysrr5KI23DQOlDbHeqktPE8o.webp]
[ufeel.sa/blog/موقع-أم-منصة-أم-saas-اعرف-الفرق-قبل-أن-تبدأ-مشروعك.html]
[ufeel.sa/privacy-policy.html]
[ufeel.sa/terms-and-conditions.html]
[ufeel.sa/build/assets/trusted-by-C6I8xLRw.js]
[ufeel.sa/build/assets/autoplay-C5ZIdU15.js]
[ufeel.sa/build/assets/lazy-init-DKDnUEHr.js]
[ufeel.sa/build/assets/about-brief-OSSU2ps4.js]
[ufeel.sa/build/assets/services-overview-x2y2bKmD.js]
[ufeel.sa/build/assets/a11y-6flmdiw1.js]
[ufeel.sa/build/assets/process-n9IXtnFq.js]
[ufeel.sa/build/assets/ai-capabilities-D1B-3iV0.js]
[ufeel.sa/build/assets/why-choose-us-DRrRLedE.js]
[ufeel.sa/build/assets/blog-preview-CtyR70HC.js]
[ufeel.sa/build/assets/contact-cta-BiOU3YwB.js]
[ufeel.sa/build/assets/about-page-CrzBwabK.js]
[ufeel.sa/build/assets/services-page-pioNIHok.html]
[ufeel.sa/blog/كيف-تقلل-الأنظمة-الداخلية-أخطاء-التشغيل.html]
[ufeel.sa/storage/blog/featured/btU4DcwQKqyQk4sk5wqtOquRIAWgVcAVdtyYZa16.webp]
[ufeel.sa/blog/تطبيقات-الجوال-للشركات-لماذا-أصبح-امتلاك-تطبيق-ضرورة-للنمو-والمنافسة.html]
[ufeel.sa/blog/الذكاء-الاصطناعي-في-الشركات-كيف-تغير-ai-طريقة-إدارة-الأعمال-وخدمة-العملاء.html]
[ufeel.sa/blog/ما-هي-أتمتة-الأعمال-وكيف-تساعد-الشركات-على-تحسين-الإنتاجية.html]
[ufeel.sa/blog/دليل-شامل-كيف-تختار-شركة-برمجة-احترافية-لتطوير-موقع-أو-تطبيق-لشركتك.html]
[ufeel.sa/blog/كيف-يساعد-التحول-الرقمي-للشركات-على-زيادة-الكفاءة-وتقليل-التكاليف.html]
[ufeel.sa/build/assets/blog-page-D_6THfF5.html]
[ufeel.sa/build/assets/jobs-page-E8EamvUf.html]
[ufeel.sa/build/assets/contact-page-BccHQdi0.html]
[ufeel.sa/build/assets/service-detail-B07oshfN.html]
[ufeel.sa/storage/blog/og/cgQWbL2g7dClUPKTMWJWibZqkBhOWCJDqkW0idpQ.webp]
[ufeel.sa/build/assets/legal-page-BSD5MGd8.js]
[ufeel.sa/build/assets/blog-post-DrbnFPru.js]
